2024-11-28 15:46:51,976 - utils.FileLoader.FileLogger - INFO - log_message - Initializing the data dictionary.
2024-11-28 15:47:16,780 - utils.FileLoader.FileLogger - INFO - log_message - Reading file or directory D:\7798E_pristine_t\7798E_pristine_t-Hys-a000.VSM-Hys-Data with data format VSM
2024-11-28 15:47:16,781 - utils.FileLoader.FileLogger - DEBUG - log_message - D:\7798E_pristine_t\7798E_pristine_t-Hys-a000.VSM-Hys-Data seems to be a file. Reading the file.
2024-11-28 15:47:16,781 - utils.FileLoader.FileLogger - DEBUG - log_message - Getting metadata for D:\7798E_pristine_t\7798E_pristine_t-Hys-a000.VSM-Hys-Data with data format VSM.
2024-11-28 15:47:16,802 - utils.FileLoader.FileLogger - DEBUG - log_message - Metadata for D:\7798E_pristine_t\7798E_pristine_t-Hys-a000.VSM-Hys-Data successfully read.
2024-11-28 15:47:16,802 - utils.FileLoader.FileLogger - DEBUG - log_message - Getting data from D:\7798E_pristine_t\7798E_pristine_t-Hys-a000.VSM-Hys-Data with data format VSM.
2024-11-28 15:47:16,802 - utils.FileLoader.FileLogger - DEBUG - log_message - Reading VSM data from D:\7798E_pristine_t\7798E_pristine_t-Hys-a000.VSM-Hys-Data.
2024-11-28 15:47:16,812 - utils.FileLoader.FileLogger - DEBUG - log_message - Renaming columns for VSM data from D:\7798E_pristine_t\7798E_pristine_t-Hys-a000.VSM-Hys-Data.
2024-11-28 15:47:16,818 - utils.FileLoader.FileLogger - DEBUG - log_message - Initializing the data object.
2024-11-28 15:47:16,818 - utils.FileLoader.FileLogger - INFO - log_message - Adding dataset with id 0 to the data dictionary.
2024-11-28 15:47:16,818 - utils.FileLoader.FileLogger - DEBUG - log_message - Data successfully read from D:\7798E_pristine_t\7798E_pristine_t-Hys-a000.VSM-Hys-Data
2024-11-28 15:47:40,459 - utils.FileLoader.FileLogger - INFO - log_message - Reading file or directory D:\7798E_pristine_t\7798E_pristine_t-Hys-a090.VSM-Hys-Data with data format VSM
2024-11-28 15:47:40,459 - utils.FileLoader.FileLogger - DEBUG - log_message - D:\7798E_pristine_t\7798E_pristine_t-Hys-a090.VSM-Hys-Data seems to be a file. Reading the file.
2024-11-28 15:47:40,459 - utils.FileLoader.FileLogger - DEBUG - log_message - Getting metadata for D:\7798E_pristine_t\7798E_pristine_t-Hys-a090.VSM-Hys-Data with data format VSM.
2024-11-28 15:47:40,481 - utils.FileLoader.FileLogger - DEBUG - log_message - Metadata for D:\7798E_pristine_t\7798E_pristine_t-Hys-a090.VSM-Hys-Data successfully read.
2024-11-28 15:47:40,481 - utils.FileLoader.FileLogger - DEBUG - log_message - Getting data from D:\7798E_pristine_t\7798E_pristine_t-Hys-a090.VSM-Hys-Data with data format VSM.
2024-11-28 15:47:40,481 - utils.FileLoader.FileLogger - DEBUG - log_message - Reading VSM data from D:\7798E_pristine_t\7798E_pristine_t-Hys-a090.VSM-Hys-Data.
2024-11-28 15:47:40,481 - utils.FileLoader.FileLogger - DEBUG - log_message - Renaming columns for VSM data from D:\7798E_pristine_t\7798E_pristine_t-Hys-a090.VSM-Hys-Data.
2024-11-28 15:47:40,481 - utils.FileLoader.FileLogger - DEBUG - log_message - Initializing the data object.
2024-11-28 15:47:40,481 - utils.FileLoader.FileLogger - INFO - log_message - Adding dataset with id 1 to the data dictionary.
2024-11-28 15:47:40,481 - utils.FileLoader.FileLogger - DEBUG - log_message - Data successfully read from D:\7798E_pristine_t\7798E_pristine_t-Hys-a090.VSM-Hys-Data
2024-11-28 15:47:59,589 - utils.FileLoader.FileLogger - INFO - log_message - Reading file or directory D:\7798E_pristine_p\7798E_pristine_p-Hys-a000.VSM-Hys-Data with data format VSM
2024-11-28 15:47:59,589 - utils.FileLoader.FileLogger - DEBUG - log_message - D:\7798E_pristine_p\7798E_pristine_p-Hys-a000.VSM-Hys-Data seems to be a file. Reading the file.
2024-11-28 15:47:59,589 - utils.FileLoader.FileLogger - DEBUG - log_message - Getting metadata for D:\7798E_pristine_p\7798E_pristine_p-Hys-a000.VSM-Hys-Data with data format VSM.
2024-11-28 15:47:59,615 - utils.FileLoader.FileLogger - DEBUG - log_message - Metadata for D:\7798E_pristine_p\7798E_pristine_p-Hys-a000.VSM-Hys-Data successfully read.
2024-11-28 15:47:59,615 - utils.FileLoader.FileLogger - DEBUG - log_message - Getting data from D:\7798E_pristine_p\7798E_pristine_p-Hys-a000.VSM-Hys-Data with data format VSM.
2024-11-28 15:47:59,615 - utils.FileLoader.FileLogger - DEBUG - log_message - Reading VSM data from D:\7798E_pristine_p\7798E_pristine_p-Hys-a000.VSM-Hys-Data.
2024-11-28 15:47:59,620 - utils.FileLoader.FileLogger - DEBUG - log_message - Renaming columns for VSM data from D:\7798E_pristine_p\7798E_pristine_p-Hys-a000.VSM-Hys-Data.
2024-11-28 15:47:59,620 - utils.FileLoader.FileLogger - DEBUG - log_message - Initializing the data object.
2024-11-28 15:47:59,620 - utils.FileLoader.FileLogger - INFO - log_message - Adding dataset with id 2 to the data dictionary.
2024-11-28 15:47:59,620 - utils.FileLoader.FileLogger - DEBUG - log_message - Data successfully read from D:\7798E_pristine_p\7798E_pristine_p-Hys-a000.VSM-Hys-Data
2024-11-28 15:48:27,915 - utils.FileLoader.FileLogger - DEBUG - log_message - Adding log_mod_results with key 1 to the data object.
2024-11-28 15:48:58,715 - utils.FileLoader.FileLogger - DEBUG - log_message - Adding log_mod_results with key 1 to the data object.
