2025-02-24 15:43:26,392 - utils.FileLoader.FileLogger - INFO - log_message - Initializing the data dictionary.
2025-02-24 15:44:50,717 - utils.FileLoader.FileLogger - INFO - log_message - Reading file or directory M:\00_Hysteresen\2023_0418\2023_0418_1_RASTER_2024-02-21_12-44-59\Raster_0004_0004.txt with data format MOKE
2025-02-24 15:44:50,717 - utils.FileLoader.FileLogger - DEBUG - log_message - M:\00_Hysteresen\2023_0418\2023_0418_1_RASTER_2024-02-21_12-44-59\Raster_0004_0004.txt seems to be a file. Reading the file.
2025-02-24 15:44:50,717 - utils.FileLoader.FileLogger - DEBUG - log_message - Getting metadata for M:\00_Hysteresen\2023_0418\2023_0418_1_RASTER_2024-02-21_12-44-59\Raster_0004_0004.txt with data format MOKE.
2025-02-24 15:44:50,717 - utils.FileLoader.FileLogger - DEBUG - log_message - Metadata for M:\00_Hysteresen\2023_0418\2023_0418_1_RASTER_2024-02-21_12-44-59\Raster_0004_0004.txt successfully read.
2025-02-24 15:44:50,717 - utils.FileLoader.FileLogger - DEBUG - log_message - Getting data from M:\00_Hysteresen\2023_0418\2023_0418_1_RASTER_2024-02-21_12-44-59\Raster_0004_0004.txt with data format MOKE.
2025-02-24 15:44:50,717 - utils.FileLoader.FileLogger - DEBUG - log_message - Reading MOKE data from M:\00_Hysteresen\2023_0418\2023_0418_1_RASTER_2024-02-21_12-44-59\Raster_0004_0004.txt.
2025-02-24 15:44:50,732 - utils.FileLoader.FileLogger - DEBUG - log_message - Initializing the data object.
2025-02-24 15:44:50,732 - utils.FileLoader.FileLogger - INFO - log_message - Adding dataset with id 0 to the data dictionary.
2025-02-24 15:44:50,732 - utils.FileLoader.FileLogger - DEBUG - log_message - Data successfully read from M:\00_Hysteresen\2023_0418\2023_0418_1_RASTER_2024-02-21_12-44-59\Raster_0004_0004.txt
2025-02-24 15:45:03,333 - utils.FileLoader.FileLogger - INFO - log_message - Reading file or directory M:\00_Hysteresen\2023_0418\2023_0418_1_RASTER_2024-02-21_12-44-59\Raster_0007_0009.txt with data format MOKE
2025-02-24 15:45:03,333 - utils.FileLoader.FileLogger - DEBUG - log_message - M:\00_Hysteresen\2023_0418\2023_0418_1_RASTER_2024-02-21_12-44-59\Raster_0007_0009.txt seems to be a file. Reading the file.
2025-02-24 15:45:03,333 - utils.FileLoader.FileLogger - DEBUG - log_message - Getting metadata for M:\00_Hysteresen\2023_0418\2023_0418_1_RASTER_2024-02-21_12-44-59\Raster_0007_0009.txt with data format MOKE.
2025-02-24 15:45:03,333 - utils.FileLoader.FileLogger - DEBUG - log_message - Metadata for M:\00_Hysteresen\2023_0418\2023_0418_1_RASTER_2024-02-21_12-44-59\Raster_0007_0009.txt successfully read.
2025-02-24 15:45:03,333 - utils.FileLoader.FileLogger - DEBUG - log_message - Getting data from M:\00_Hysteresen\2023_0418\2023_0418_1_RASTER_2024-02-21_12-44-59\Raster_0007_0009.txt with data format MOKE.
2025-02-24 15:45:03,333 - utils.FileLoader.FileLogger - DEBUG - log_message - Reading MOKE data from M:\00_Hysteresen\2023_0418\2023_0418_1_RASTER_2024-02-21_12-44-59\Raster_0007_0009.txt.
2025-02-24 15:45:03,349 - utils.FileLoader.FileLogger - DEBUG - log_message - Initializing the data object.
2025-02-24 15:45:03,349 - utils.FileLoader.FileLogger - INFO - log_message - Adding dataset with id 1 to the data dictionary.
2025-02-24 15:45:03,349 - utils.FileLoader.FileLogger - DEBUG - log_message - Data successfully read from M:\00_Hysteresen\2023_0418\2023_0418_1_RASTER_2024-02-21_12-44-59\Raster_0007_0009.txt
2025-02-24 15:45:56,323 - utils.FileLoader.FileLogger - INFO - log_message - Reading file or directory M:\00_Hysteresen\2023_0426\2023_0426_1_RASTER_2024-02-27_15-16-37\Raster_0004_0006.txt with data format MOKE
2025-02-24 15:45:56,323 - utils.FileLoader.FileLogger - DEBUG - log_message - M:\00_Hysteresen\2023_0426\2023_0426_1_RASTER_2024-02-27_15-16-37\Raster_0004_0006.txt seems to be a file. Reading the file.
2025-02-24 15:45:56,323 - utils.FileLoader.FileLogger - DEBUG - log_message - Getting metadata for M:\00_Hysteresen\2023_0426\2023_0426_1_RASTER_2024-02-27_15-16-37\Raster_0004_0006.txt with data format MOKE.
2025-02-24 15:45:56,323 - utils.FileLoader.FileLogger - DEBUG - log_message - Metadata for M:\00_Hysteresen\2023_0426\2023_0426_1_RASTER_2024-02-27_15-16-37\Raster_0004_0006.txt successfully read.
2025-02-24 15:45:56,323 - utils.FileLoader.FileLogger - DEBUG - log_message - Getting data from M:\00_Hysteresen\2023_0426\2023_0426_1_RASTER_2024-02-27_15-16-37\Raster_0004_0006.txt with data format MOKE.
2025-02-24 15:45:56,323 - utils.FileLoader.FileLogger - DEBUG - log_message - Reading MOKE data from M:\00_Hysteresen\2023_0426\2023_0426_1_RASTER_2024-02-27_15-16-37\Raster_0004_0006.txt.
2025-02-24 15:45:56,333 - utils.FileLoader.FileLogger - DEBUG - log_message - Initializing the data object.
2025-02-24 15:45:56,333 - utils.FileLoader.FileLogger - INFO - log_message - Adding dataset with id 2 to the data dictionary.
2025-02-24 15:45:56,333 - utils.FileLoader.FileLogger - DEBUG - log_message - Data successfully read from M:\00_Hysteresen\2023_0426\2023_0426_1_RASTER_2024-02-27_15-16-37\Raster_0004_0006.txt
2025-02-24 15:46:07,247 - utils.FileLoader.FileLogger - INFO - log_message - Reading file or directory M:\00_Hysteresen\2023_0426\2023_0426_1_RASTER_2024-02-27_15-16-37\Raster_0008_0011.txt with data format MOKE
2025-02-24 15:46:07,247 - utils.FileLoader.FileLogger - DEBUG - log_message - M:\00_Hysteresen\2023_0426\2023_0426_1_RASTER_2024-02-27_15-16-37\Raster_0008_0011.txt seems to be a file. Reading the file.
2025-02-24 15:46:07,247 - utils.FileLoader.FileLogger - DEBUG - log_message - Getting metadata for M:\00_Hysteresen\2023_0426\2023_0426_1_RASTER_2024-02-27_15-16-37\Raster_0008_0011.txt with data format MOKE.
2025-02-24 15:46:07,263 - utils.FileLoader.FileLogger - DEBUG - log_message - Metadata for M:\00_Hysteresen\2023_0426\2023_0426_1_RASTER_2024-02-27_15-16-37\Raster_0008_0011.txt successfully read.
2025-02-24 15:46:07,263 - utils.FileLoader.FileLogger - DEBUG - log_message - Getting data from M:\00_Hysteresen\2023_0426\2023_0426_1_RASTER_2024-02-27_15-16-37\Raster_0008_0011.txt with data format MOKE.
2025-02-24 15:46:07,263 - utils.FileLoader.FileLogger - DEBUG - log_message - Reading MOKE data from M:\00_Hysteresen\2023_0426\2023_0426_1_RASTER_2024-02-27_15-16-37\Raster_0008_0011.txt.
2025-02-24 15:46:07,263 - utils.FileLoader.FileLogger - DEBUG - log_message - Initializing the data object.
2025-02-24 15:46:07,263 - utils.FileLoader.FileLogger - INFO - log_message - Adding dataset with id 3 to the data dictionary.
2025-02-24 15:46:07,263 - utils.FileLoader.FileLogger - DEBUG - log_message - Data successfully read from M:\00_Hysteresen\2023_0426\2023_0426_1_RASTER_2024-02-27_15-16-37\Raster_0008_0011.txt
2025-02-24 15:46:42,549 - utils.FileLoader.FileLogger - INFO - log_message - Reading file or directory M:\00_Hysteresen\2023_0420\2023_0420_1_RASTER_2024-04-02_13-28-03\Raster_0004_0005.txt with data format MOKE
2025-02-24 15:46:42,549 - utils.FileLoader.FileLogger - DEBUG - log_message - M:\00_Hysteresen\2023_0420\2023_0420_1_RASTER_2024-04-02_13-28-03\Raster_0004_0005.txt seems to be a file. Reading the file.
2025-02-24 15:46:42,549 - utils.FileLoader.FileLogger - DEBUG - log_message - Getting metadata for M:\00_Hysteresen\2023_0420\2023_0420_1_RASTER_2024-04-02_13-28-03\Raster_0004_0005.txt with data format MOKE.
2025-02-24 15:46:42,549 - utils.FileLoader.FileLogger - DEBUG - log_message - Metadata for M:\00_Hysteresen\2023_0420\2023_0420_1_RASTER_2024-04-02_13-28-03\Raster_0004_0005.txt successfully read.
2025-02-24 15:46:42,549 - utils.FileLoader.FileLogger - DEBUG - log_message - Getting data from M:\00_Hysteresen\2023_0420\2023_0420_1_RASTER_2024-04-02_13-28-03\Raster_0004_0005.txt with data format MOKE.
2025-02-24 15:46:42,549 - utils.FileLoader.FileLogger - DEBUG - log_message - Reading MOKE data from M:\00_Hysteresen\2023_0420\2023_0420_1_RASTER_2024-04-02_13-28-03\Raster_0004_0005.txt.
2025-02-24 15:46:42,565 - utils.FileLoader.FileLogger - DEBUG - log_message - Initializing the data object.
2025-02-24 15:46:42,565 - utils.FileLoader.FileLogger - INFO - log_message - Adding dataset with id 4 to the data dictionary.
2025-02-24 15:46:42,565 - utils.FileLoader.FileLogger - DEBUG - log_message - Data successfully read from M:\00_Hysteresen\2023_0420\2023_0420_1_RASTER_2024-04-02_13-28-03\Raster_0004_0005.txt
2025-02-24 15:46:50,587 - utils.FileLoader.FileLogger - INFO - log_message - Reading file or directory M:\00_Hysteresen\2023_0420\2023_0420_1_RASTER_2024-04-02_13-28-03\Raster_0007_0011.txt with data format MOKE
2025-02-24 15:46:50,587 - utils.FileLoader.FileLogger - DEBUG - log_message - M:\00_Hysteresen\2023_0420\2023_0420_1_RASTER_2024-04-02_13-28-03\Raster_0007_0011.txt seems to be a file. Reading the file.
2025-02-24 15:46:50,587 - utils.FileLoader.FileLogger - DEBUG - log_message - Getting metadata for M:\00_Hysteresen\2023_0420\2023_0420_1_RASTER_2024-04-02_13-28-03\Raster_0007_0011.txt with data format MOKE.
2025-02-24 15:46:50,592 - utils.FileLoader.FileLogger - DEBUG - log_message - Metadata for M:\00_Hysteresen\2023_0420\2023_0420_1_RASTER_2024-04-02_13-28-03\Raster_0007_0011.txt successfully read.
2025-02-24 15:46:50,592 - utils.FileLoader.FileLogger - DEBUG - log_message - Getting data from M:\00_Hysteresen\2023_0420\2023_0420_1_RASTER_2024-04-02_13-28-03\Raster_0007_0011.txt with data format MOKE.
2025-02-24 15:46:50,592 - utils.FileLoader.FileLogger - DEBUG - log_message - Reading MOKE data from M:\00_Hysteresen\2023_0420\2023_0420_1_RASTER_2024-04-02_13-28-03\Raster_0007_0011.txt.
2025-02-24 15:46:50,592 - utils.FileLoader.FileLogger - DEBUG - log_message - Initializing the data object.
2025-02-24 15:46:50,592 - utils.FileLoader.FileLogger - INFO - log_message - Adding dataset with id 5 to the data dictionary.
2025-02-24 15:46:50,592 - utils.FileLoader.FileLogger - DEBUG - log_message - Data successfully read from M:\00_Hysteresen\2023_0420\2023_0420_1_RASTER_2024-04-02_13-28-03\Raster_0007_0011.txt
2025-02-24 15:47:38,595 - utils.FileLoader.FileLogger - INFO - log_message - Reading file or directory M:\00_Hysteresen\2023_0427\2023_0427_1_RASTER_2024-02-28_11-56-12\Raster_0004_0005.txt with data format MOKE
2025-02-24 15:47:38,595 - utils.FileLoader.FileLogger - DEBUG - log_message - M:\00_Hysteresen\2023_0427\2023_0427_1_RASTER_2024-02-28_11-56-12\Raster_0004_0005.txt seems to be a file. Reading the file.
2025-02-24 15:47:38,595 - utils.FileLoader.FileLogger - DEBUG - log_message - Getting metadata for M:\00_Hysteresen\2023_0427\2023_0427_1_RASTER_2024-02-28_11-56-12\Raster_0004_0005.txt with data format MOKE.
2025-02-24 15:47:38,595 - utils.FileLoader.FileLogger - DEBUG - log_message - Metadata for M:\00_Hysteresen\2023_0427\2023_0427_1_RASTER_2024-02-28_11-56-12\Raster_0004_0005.txt successfully read.
2025-02-24 15:47:38,595 - utils.FileLoader.FileLogger - DEBUG - log_message - Getting data from M:\00_Hysteresen\2023_0427\2023_0427_1_RASTER_2024-02-28_11-56-12\Raster_0004_0005.txt with data format MOKE.
2025-02-24 15:47:38,595 - utils.FileLoader.FileLogger - DEBUG - log_message - Reading MOKE data from M:\00_Hysteresen\2023_0427\2023_0427_1_RASTER_2024-02-28_11-56-12\Raster_0004_0005.txt.
2025-02-24 15:47:38,605 - utils.FileLoader.FileLogger - DEBUG - log_message - Initializing the data object.
2025-02-24 15:47:38,605 - utils.FileLoader.FileLogger - INFO - log_message - Adding dataset with id 6 to the data dictionary.
2025-02-24 15:47:38,605 - utils.FileLoader.FileLogger - DEBUG - log_message - Data successfully read from M:\00_Hysteresen\2023_0427\2023_0427_1_RASTER_2024-02-28_11-56-12\Raster_0004_0005.txt
2025-02-24 15:47:50,459 - utils.FileLoader.FileLogger - INFO - log_message - Reading file or directory M:\00_Hysteresen\2023_0427\2023_0427_1_RASTER_2024-02-28_11-56-12\Raster_0008_0010.txt with data format MOKE
2025-02-24 15:47:50,459 - utils.FileLoader.FileLogger - DEBUG - log_message - M:\00_Hysteresen\2023_0427\2023_0427_1_RASTER_2024-02-28_11-56-12\Raster_0008_0010.txt seems to be a file. Reading the file.
2025-02-24 15:47:50,459 - utils.FileLoader.FileLogger - DEBUG - log_message - Getting metadata for M:\00_Hysteresen\2023_0427\2023_0427_1_RASTER_2024-02-28_11-56-12\Raster_0008_0010.txt with data format MOKE.
2025-02-24 15:47:50,459 - utils.FileLoader.FileLogger - DEBUG - log_message - Metadata for M:\00_Hysteresen\2023_0427\2023_0427_1_RASTER_2024-02-28_11-56-12\Raster_0008_0010.txt successfully read.
2025-02-24 15:47:50,459 - utils.FileLoader.FileLogger - DEBUG - log_message - Getting data from M:\00_Hysteresen\2023_0427\2023_0427_1_RASTER_2024-02-28_11-56-12\Raster_0008_0010.txt with data format MOKE.
2025-02-24 15:47:50,459 - utils.FileLoader.FileLogger - DEBUG - log_message - Reading MOKE data from M:\00_Hysteresen\2023_0427\2023_0427_1_RASTER_2024-02-28_11-56-12\Raster_0008_0010.txt.
2025-02-24 15:47:50,475 - utils.FileLoader.FileLogger - DEBUG - log_message - Initializing the data object.
2025-02-24 15:47:50,475 - utils.FileLoader.FileLogger - INFO - log_message - Adding dataset with id 7 to the data dictionary.
2025-02-24 15:47:50,475 - utils.FileLoader.FileLogger - DEBUG - log_message - Data successfully read from M:\00_Hysteresen\2023_0427\2023_0427_1_RASTER_2024-02-28_11-56-12\Raster_0008_0010.txt
2025-02-24 15:48:04,998 - utils.FileLoader.FileLogger - INFO - log_message - Reading file or directory M:\00_Hysteresen\2023_0427\2023_0427_1_RASTER_2024-02-28_11-56-12\Raster_0001_0004.txt with data format MOKE
2025-02-24 15:48:04,998 - utils.FileLoader.FileLogger - DEBUG - log_message - M:\00_Hysteresen\2023_0427\2023_0427_1_RASTER_2024-02-28_11-56-12\Raster_0001_0004.txt seems to be a file. Reading the file.
2025-02-24 15:48:04,998 - utils.FileLoader.FileLogger - DEBUG - log_message - Getting metadata for M:\00_Hysteresen\2023_0427\2023_0427_1_RASTER_2024-02-28_11-56-12\Raster_0001_0004.txt with data format MOKE.
2025-02-24 15:48:04,998 - utils.FileLoader.FileLogger - DEBUG - log_message - Metadata for M:\00_Hysteresen\2023_0427\2023_0427_1_RASTER_2024-02-28_11-56-12\Raster_0001_0004.txt successfully read.
2025-02-24 15:48:04,998 - utils.FileLoader.FileLogger - DEBUG - log_message - Getting data from M:\00_Hysteresen\2023_0427\2023_0427_1_RASTER_2024-02-28_11-56-12\Raster_0001_0004.txt with data format MOKE.
2025-02-24 15:48:04,998 - utils.FileLoader.FileLogger - DEBUG - log_message - Reading MOKE data from M:\00_Hysteresen\2023_0427\2023_0427_1_RASTER_2024-02-28_11-56-12\Raster_0001_0004.txt.
2025-02-24 15:48:04,998 - utils.FileLoader.FileLogger - DEBUG - log_message - Initializing the data object.
2025-02-24 15:48:04,998 - utils.FileLoader.FileLogger - INFO - log_message - Adding dataset with id 8 to the data dictionary.
2025-02-24 15:48:04,998 - utils.FileLoader.FileLogger - DEBUG - log_message - Data successfully read from M:\00_Hysteresen\2023_0427\2023_0427_1_RASTER_2024-02-28_11-56-12\Raster_0001_0004.txt
2025-02-24 15:51:10,913 - utils.FileLoader.FileLogger - INFO - log_message - Reading file or directory M:\00_Hysteresen\2023_0409\2023_0409_1_RASTER_2023-11-09_17-53-56\Raster_0005_0006.txt with data format MOKE
2025-02-24 15:51:10,913 - utils.FileLoader.FileLogger - DEBUG - log_message - M:\00_Hysteresen\2023_0409\2023_0409_1_RASTER_2023-11-09_17-53-56\Raster_0005_0006.txt seems to be a file. Reading the file.
2025-02-24 15:51:10,913 - utils.FileLoader.FileLogger - DEBUG - log_message - Getting metadata for M:\00_Hysteresen\2023_0409\2023_0409_1_RASTER_2023-11-09_17-53-56\Raster_0005_0006.txt with data format MOKE.
2025-02-24 15:51:10,913 - utils.FileLoader.FileLogger - DEBUG - log_message - Metadata for M:\00_Hysteresen\2023_0409\2023_0409_1_RASTER_2023-11-09_17-53-56\Raster_0005_0006.txt successfully read.
2025-02-24 15:51:10,913 - utils.FileLoader.FileLogger - DEBUG - log_message - Getting data from M:\00_Hysteresen\2023_0409\2023_0409_1_RASTER_2023-11-09_17-53-56\Raster_0005_0006.txt with data format MOKE.
2025-02-24 15:51:10,913 - utils.FileLoader.FileLogger - DEBUG - log_message - Reading MOKE data from M:\00_Hysteresen\2023_0409\2023_0409_1_RASTER_2023-11-09_17-53-56\Raster_0005_0006.txt.
2025-02-24 15:51:10,923 - utils.FileLoader.FileLogger - DEBUG - log_message - Initializing the data object.
2025-02-24 15:51:10,923 - utils.FileLoader.FileLogger - INFO - log_message - Adding dataset with id 9 to the data dictionary.
2025-02-24 15:51:10,923 - utils.FileLoader.FileLogger - DEBUG - log_message - Data successfully read from M:\00_Hysteresen\2023_0409\2023_0409_1_RASTER_2023-11-09_17-53-56\Raster_0005_0006.txt
2025-02-24 15:51:38,085 - utils.FileLoader.FileLogger - INFO - log_message - Reading file or directory M:\00_Hysteresen\2023_0409\2023_0409_1_RASTER_2023-10-24_11-53-48\Raster_0006_0004.txt with data format MOKE
2025-02-24 15:51:38,085 - utils.FileLoader.FileLogger - DEBUG - log_message - M:\00_Hysteresen\2023_0409\2023_0409_1_RASTER_2023-10-24_11-53-48\Raster_0006_0004.txt seems to be a file. Reading the file.
2025-02-24 15:51:38,085 - utils.FileLoader.FileLogger - DEBUG - log_message - Getting metadata for M:\00_Hysteresen\2023_0409\2023_0409_1_RASTER_2023-10-24_11-53-48\Raster_0006_0004.txt with data format MOKE.
2025-02-24 15:51:38,085 - utils.FileLoader.FileLogger - DEBUG - log_message - Metadata for M:\00_Hysteresen\2023_0409\2023_0409_1_RASTER_2023-10-24_11-53-48\Raster_0006_0004.txt successfully read.
2025-02-24 15:51:38,085 - utils.FileLoader.FileLogger - DEBUG - log_message - Getting data from M:\00_Hysteresen\2023_0409\2023_0409_1_RASTER_2023-10-24_11-53-48\Raster_0006_0004.txt with data format MOKE.
2025-02-24 15:51:38,085 - utils.FileLoader.FileLogger - DEBUG - log_message - Reading MOKE data from M:\00_Hysteresen\2023_0409\2023_0409_1_RASTER_2023-10-24_11-53-48\Raster_0006_0004.txt.
2025-02-24 15:51:38,085 - utils.FileLoader.FileLogger - DEBUG - log_message - Initializing the data object.
2025-02-24 15:51:38,085 - utils.FileLoader.FileLogger - INFO - log_message - Adding dataset with id 10 to the data dictionary.
2025-02-24 15:51:38,085 - utils.FileLoader.FileLogger - DEBUG - log_message - Data successfully read from M:\00_Hysteresen\2023_0409\2023_0409_1_RASTER_2023-10-24_11-53-48\Raster_0006_0004.txt
2025-02-24 15:52:00,280 - utils.FileLoader.FileLogger - INFO - log_message - Reading file or directory M:\00_Hysteresen\2023_0409\2023_0409_1_RASTER_2023-11-09_17-53-56\Raster_0007_0006.txt with data format MOKE
2025-02-24 15:52:00,280 - utils.FileLoader.FileLogger - DEBUG - log_message - M:\00_Hysteresen\2023_0409\2023_0409_1_RASTER_2023-11-09_17-53-56\Raster_0007_0006.txt seems to be a file. Reading the file.
2025-02-24 15:52:00,280 - utils.FileLoader.FileLogger - DEBUG - log_message - Getting metadata for M:\00_Hysteresen\2023_0409\2023_0409_1_RASTER_2023-11-09_17-53-56\Raster_0007_0006.txt with data format MOKE.
2025-02-24 15:52:00,280 - utils.FileLoader.FileLogger - DEBUG - log_message - Metadata for M:\00_Hysteresen\2023_0409\2023_0409_1_RASTER_2023-11-09_17-53-56\Raster_0007_0006.txt successfully read.
2025-02-24 15:52:00,280 - utils.FileLoader.FileLogger - DEBUG - log_message - Getting data from M:\00_Hysteresen\2023_0409\2023_0409_1_RASTER_2023-11-09_17-53-56\Raster_0007_0006.txt with data format MOKE.
2025-02-24 15:52:00,280 - utils.FileLoader.FileLogger - DEBUG - log_message - Reading MOKE data from M:\00_Hysteresen\2023_0409\2023_0409_1_RASTER_2023-11-09_17-53-56\Raster_0007_0006.txt.
2025-02-24 15:52:00,295 - utils.FileLoader.FileLogger - DEBUG - log_message - Initializing the data object.
2025-02-24 15:52:00,295 - utils.FileLoader.FileLogger - INFO - log_message - Adding dataset with id 11 to the data dictionary.
2025-02-24 15:52:00,295 - utils.FileLoader.FileLogger - DEBUG - log_message - Data successfully read from M:\00_Hysteresen\2023_0409\2023_0409_1_RASTER_2023-11-09_17-53-56\Raster_0007_0006.txt
